{
  "timestamp": "20260603T181654Z",
  "status": "pass",
  "test_identity": {
    "email": "blueprint-repeat-20260603t181654z@franchiseki.com",
    "phone": "+1555000181654",
    "contactId": "QjI1HwPHj1WS5WuEViOO"
  },
  "submissions": [
    {
      "http_status": "200",
      "contactId": "QjI1HwPHj1WS5WuEViOO",
      "body": {
        "ok": true,
        "mode": "created",
        "contactId": "QjI1HwPHj1WS5WuEViOO"
      }
    },
    {
      "http_status": "200",
      "contactId": "QjI1HwPHj1WS5WuEViOO",
      "body": {
        "ok": true,
        "mode": "updated",
        "contactId": "QjI1HwPHj1WS5WuEViOO"
      }
    },
    {
      "http_status": "200",
      "contactId": "QjI1HwPHj1WS5WuEViOO",
      "body": {
        "ok": true,
        "mode": "updated",
        "contactId": "QjI1HwPHj1WS5WuEViOO"
      }
    },
    {
      "http_status": "200",
      "contactId": "QjI1HwPHj1WS5WuEViOO",
      "body": {
        "ok": true,
        "mode": "updated",
        "contactId": "QjI1HwPHj1WS5WuEViOO"
      }
    },
    {
      "http_status": "200",
      "contactId": "QjI1HwPHj1WS5WuEViOO",
      "body": {
        "ok": true,
        "mode": "updated",
        "contactId": "QjI1HwPHj1WS5WuEViOO"
      }
    }
  ],
  "exact_contact_count": 1,
  "failures": []
}
