{
  "timestamp": "20260603T181759Z",
  "status": "pass",
  "github_pages_status": "built",
  "warnings": [
    "dirty_worktree_allowed",
    "format3_migration_pending_alex_ramos",
    "format3_migration_pending_austin_iron_horse",
    "format3_migration_pending_branson_maxwell",
    "format3_migration_pending_brittney_warnick",
    "format3_migration_pending_chris_lpnw",
    "format3_migration_pending_court_lundberg",
    "format3_migration_pending_dave_wood_fresh_20260601",
    "format3_migration_pending_franchise_ki_ceo",
    "format3_migration_pending_jaden_mecham",
    "format3_migration_pending_jason_martinez",
    "format3_migration_pending_local_webhookprobe",
    "format3_migration_pending_melissa_tash_srp",
    "format3_migration_pending_mike_johnson",
    "format3_migration_pending_paul_muus",
    "format3_migration_pending_rj_kitchenguard",
    "format3_migration_pending_rush_evans_canonical",
    "format3_migration_pending_rush_evans",
    "format3_migration_pending_watson",
    "format3_migration_pending_zachary_oldham"
  ],
  "failures": []
}
